cccccccc SSSSSSSSSSSSSSSSSSSSS
  cc SSSSSSSSSSSSSSSSSSSSSSSSSSSSSSSSSSSSSSSSSSSSSSSSS
    cccccc _______OO______
    cccccc ________OO_________
  ccc
  cc SSSSSSSSSSSSSSSSSSSSSSSSSSSSSSSSSSSSSSSSSSSSSSSSS
    ... .. . ..... .........
  ccc
ccc
